// Jest Snapshot v1, https://goo.gl/fbAQLP

exports[`should match snapshot 1`] = `
<div
  className="main-content"
>
  <main>
    <h2>
      Todos
    </h2>
    <div
      className="MuiPaper-root makeStyles-root-2 MuiPaper-elevation1 MuiPaper-rounded"
    >
      <div
        className="MuiTableContainer-root makeStyles-container-3"
      >
        <table
          aria-label="sticky table"
          className="MuiTable-root MuiTable-stickyHeader"
          role={null}
        >
          <thead
            className="MuiTableHead-root"
            role={null}
          >
            <tr
              className="MuiTableRow-root MuiTableRow-head"
              role={null}
            >
              <th
                aria-sort={null}
                className="MuiTableCell-root MuiTableCell-head makeStyles-head-1 MuiTableCell-stickyHeader"
                scope="col"
                style={
                  Object {
                    "minWidth": 170,
                  }
                }
              >
                Created Date
              </th>
              <th
                aria-sort={null}
                className="MuiTableCell-root MuiTableCell-head makeStyles-head-1 MuiTableCell-stickyHeader"
                scope="col"
                style={
                  Object {
                    "minWidth": 170,
                  }
                }
              >
                Due Date
              </th>
              <th
                aria-sort={null}
                className="MuiTableCell-root MuiTableCell-head makeStyles-head-1 MuiTableCell-stickyHeader"
                scope="col"
                style={
                  Object {
                    "minWidth": 170,
                  }
                }
              >
                Status
              </th>
              <th
                aria-sort={null}
                className="MuiTableCell-root MuiTableCell-head makeStyles-head-1 MuiTableCell-stickyHeader"
                scope="col"
                style={
                  Object {
                    "minWidth": 170,
                  }
                }
              >
                Text
              </th>
              <th
                aria-sort={null}
                className="MuiTableCell-root MuiTableCell-head makeStyles-head-1 MuiTableCell-stickyHeader"
                scope="col"
                style={
                  Object {
                    "minWidth": 170,
                  }
                }
              >
                Todo ID
              </th>
              <th
                aria-sort={null}
                className="MuiTableCell-root MuiTableCell-head makeStyles-head-1 MuiTableCell-stickyHeader"
                scope="col"
                style={
                  Object {
                    "minWidth": 170,
                  }
                }
              >
                UpDated Date
              </th>
            </tr>
          </thead>
          <tbody
            className="MuiTableBody-root"
            role={null}
          />
        </table>
      </div>
      <div
        className="MuiTablePagination-root"
      >
        <div
          className="MuiToolbar-root MuiToolbar-regular MuiTablePagination-toolbar MuiToolbar-gutters"
        >
          <div
            className="MuiTablePagination-spacer"
          />
          <p
            className="MuiTypography-root MuiTablePagination-caption MuiTypography-body2 MuiTypography-colorInherit"
          >
            Rows per page:
          </p>
          <div
            className="MuiInputBase-root MuiTablePagination-input MuiTablePagination-selectRoot"
            onClick={[Function]}
          >
            <div
              aria-haspopup="listbox"
              className="MuiSelect-root MuiSelect-select MuiTablePagination-select MuiSelect-selectMenu MuiInputBase-input"
              onBlur={[Function]}
              onFocus={[Function]}
              onKeyDown={[Function]}
              onMouseDown={[Function]}
              role="button"
              tabIndex={0}
            >
              10
            </div>
            <input
              aria-hidden={true}
              className="MuiSelect-nativeInput"
              onAnimationStart={[Function]}
              onChange={[Function]}
              tabIndex={-1}
              value={10}
            />
            <svg
              aria-hidden={true}
              className="MuiSvgIcon-root MuiSelect-icon MuiTablePagination-selectIcon"
              focusable="false"
              viewBox="0 0 24 24"
            >
              <path
                d="M7 10l5 5 5-5z"
              />
            </svg>
          </div>
          <p
            className="MuiTypography-root MuiTablePagination-caption MuiTypography-body2 MuiTypography-colorInherit"
          >
            0-0 of 0
          </p>
          <div
            className="MuiTablePagination-actions"
          >
            <button
              aria-label="Previous page"
              className="MuiButtonBase-root MuiIconButton-root MuiIconButton-colorInherit Mui-disabled Mui-disabled"
              disabled={true}
              onBlur={[Function]}
              onClick={[Function]}
              onDragLeave={[Function]}
              onFocus={[Function]}
              onKeyDown={[Function]}
              onKeyUp={[Function]}
              onMouseDown={[Function]}
              onMouseLeave={[Function]}
              onMouseUp={[Function]}
              onTouchEnd={[Function]}
              onTouchMove={[Function]}
              onTouchStart={[Function]}
              tabIndex={-1}
              title="Previous page"
              type="button"
            >
              <span
                className="MuiIconButton-label"
              >
                <svg
                  aria-hidden={true}
                  className="MuiSvgIcon-root"
                  focusable="false"
                  viewBox="0 0 24 24"
                >
                  <path
                    d="M15.41 16.09l-4.58-4.59 4.58-4.59L14 5.5l-6 6 6 6z"
                  />
                </svg>
              </span>
            </button>
            <button
              aria-label="Next page"
              className="MuiButtonBase-root MuiIconButton-root MuiIconButton-colorInherit Mui-disabled Mui-disabled"
              disabled={true}
              onBlur={[Function]}
              onClick={[Function]}
              onDragLeave={[Function]}
              onFocus={[Function]}
              onKeyDown={[Function]}
              onKeyUp={[Function]}
              onMouseDown={[Function]}
              onMouseLeave={[Function]}
              onMouseUp={[Function]}
              onTouchEnd={[Function]}
              onTouchMove={[Function]}
              onTouchStart={[Function]}
              tabIndex={-1}
              title="Next page"
              type="button"
            >
              <span
                className="MuiIconButton-label"
              >
                <svg
                  aria-hidden={true}
                  className="MuiSvgIcon-root"
                  focusable="false"
                  viewBox="0 0 24 24"
                >
                  <path
                    d="M8.59 16.34l4.58-4.59-4.58-4.59L10 5.75l6 6-6 6z"
                  />
                </svg>
              </span>
            </button>
          </div>
        </div>
      </div>
    </div>
  </main>
</div>
`;
